centralboxes__CentralBoxesAll            fonts=[3, 278]     chars=687   tr=348  scaled=45   adv=7478   kept=0    missing=0
chalgames__burle                         fonts=[5]          chars=130   tr=1    scaled=0    adv=19     kept=0    missing=0
chalgames__echo                          fonts=[48, 90]     chars=146   tr=3    scaled=0    adv=51     kept=0    missing=0
chalgames__harper                        fonts=[4]          chars=147   tr=2    scaled=1    adv=46     kept=0    missing=0
chalgames__sally                         fonts=[4]          chars=134   tr=2    scaled=0    adv=30     kept=0    missing=0
chalgames__vanDePeer                     fonts=[48]         chars=147   tr=2    scaled=1    adv=56     kept=0    missing=0
chalgames__weybridge                     fonts=[2]          chars=128   tr=1    scaled=0    adv=20     kept=0    missing=0
menus__AreaNotesGraphic                  fonts=[121, 140]   chars=384   tr=51   scaled=0    adv=1488   kept=0    missing=0
menus__ClueGraphic                       fonts=[115, 238, 265] chars=505   tr=121  scaled=25   adv=3208   kept=10   missing=0
menus__DialogueBoxGraphic                fonts=[165, 168]   chars=370   tr=6    scaled=4    adv=12     kept=0    missing=0
menus__HeadphonesGraphic                 fonts=[21]         chars=136   tr=2    scaled=1    adv=24     kept=0    missing=0
menus__MainMenuGraphic                   fonts=[244]        chars=309   tr=22   scaled=12   adv=659    kept=8    missing=0
menus__MapGraphic                        fonts=[6, 11]      chars=389   tr=8    scaled=2    adv=167    kept=0    missing=0
menus__OptionsGraphic                    fonts=[6, 61]      chars=184   tr=11   scaled=3    adv=156    kept=1    missing=0
menus__ProfileGraphic                    fonts=[149, 185]   chars=475   tr=107  scaled=41   adv=2275   kept=29   missing=0
menus__ProfileSelectGraphic              fonts=[154]        chars=117   tr=0    scaled=18   adv=18     kept=18   missing=0
menus__TitleScreenGraphic                fonts=[37, 375, 589] chars=218   tr=23   scaled=119  adv=1365   kept=111  missing=0
minds__MindsGraphic                      fonts=[16, 81]     chars=472   tr=114  scaled=40   adv=1829   kept=8    missing=0
minigames__BinMinigameGraphic            fonts=[2, 12]      chars=212   tr=29   scaled=14   adv=283    kept=8    missing=0
minigames__ChemMinigameGraphic           fonts=[2, 12, 203] chars=227   tr=36   scaled=13   adv=328    kept=8    missing=0
minigames__CogsMinigameGraphic           fonts=[2, 12]      chars=212   tr=29   scaled=14   adv=283    kept=8    missing=0
minigames__CostumeMinigameGraphic        fonts=[2, 12]      chars=216   tr=29   scaled=12   adv=291    kept=8    missing=0
minigames__DoorMinigameGraphic           fonts=[2, 12]      chars=216   tr=29   scaled=12   adv=291    kept=8    missing=0
minigames__FootprintMinigameGraphic      fonts=[2, 12]      chars=216   tr=29   scaled=12   adv=291    kept=8    missing=0
minigames__GateMinigameGraphic           fonts=[2, 12]      chars=216   tr=29   scaled=12   adv=291    kept=8    missing=0
minigames__HandsMinigameGraphic          fonts=[2, 12]      chars=216   tr=29   scaled=12   adv=291    kept=8    missing=0
minigames__KeyMinigameGraphic            fonts=[2, 12]      chars=216   tr=29   scaled=12   adv=291    kept=8    missing=0
minigames__LockpickMinigameGraphic       fonts=[2, 12]      chars=216   tr=29   scaled=24   adv=303    kept=20   missing=0
minigames__PadlockMinigameGraphic        fonts=[2, 12]      chars=216   tr=29   scaled=12   adv=291    kept=8    missing=0
minigames__PhotoMinigameGraphic          fonts=[2, 12]      chars=216   tr=29   scaled=12   adv=291    kept=8    missing=0
minigames__ReedsMinigameGraphic          fonts=[2, 12]      chars=216   tr=29   scaled=12   adv=291    kept=8    missing=0
minigames__SoundMinigameGraphic          fonts=[51, 89]     chars=216   tr=29   scaled=12   adv=290    kept=8    missing=0
sideInfo__SideInfo                       fonts=[24]         chars=117   tr=0    scaled=17   adv=16     kept=17   missing=0
talk__TalkingTreeGraphic                 fonts=[225]        chars=202   tr=14   scaled=4    adv=266    kept=0    missing=0
talk__burle                              fonts=[17, 638]    chars=451   tr=149  scaled=32   adv=2844   kept=0    missing=0
talk__echo                               fonts=[18]         chars=540   tr=210  scaled=57   adv=4180   kept=0    missing=0
talk__folder                             fonts=[19, 737]    chars=521   tr=198  scaled=49   adv=4056   kept=1    missing=0
talk__grimoire                           fonts=[17, 279, 974] chars=530   tr=228  scaled=69   adv=4206   kept=2    missing=0
talk__harper                             fonts=[17]         chars=497   tr=189  scaled=69   adv=3541   kept=0    missing=0
talk__james                              fonts=[17]         chars=394   tr=84   scaled=24   adv=1683   kept=0    missing=0
talk__littleGirl                         fonts=[17]         chars=363   tr=85   scaled=17   adv=1579   kept=1    missing=0
talk__sally                              fonts=[19]         chars=496   tr=196  scaled=38   adv=3352   kept=1    missing=0
talk__vanDePeer                          fonts=[17, 641]    chars=511   tr=168  scaled=44   adv=3496   kept=0    missing=0
talk__weybridge                          fonts=[17]         chars=487   tr=185  scaled=48   adv=3600   kept=1    missing=0
main SWF: replaced 92/92 ABC strings  (1544493 -> 1545595 bytes)

patched 44 SWFs, 0 missing-glyph warnings
